  Determining projects to restore...
  All projects are up-to-date for restore.
  MultiTenantETL.Domain -> C:\Users\emath\source\repos\MultiTenantETL.Backend\src\MultiTenantETL.Domain\bin\Debug\net8.0\MultiTenantETL.Domain.dll
  MultiTenantETL.ServiceDefaults -> C:\Users\emath\source\repos\MultiTenantETL.Backend\src\MultiTenantETL.ServiceDefaults\bin\Debug\net8.0\MultiTenantETL.ServiceDefaults.dll
  MultiTenantETL.Application -> C:\Users\emath\source\repos\MultiTenantETL.Backend\src\MultiTenantETL.Application\bin\Debug\net8.0\MultiTenantETL.Application.dll
C:\Users\emath\source\repos\MultiTenantETL.Backend\src\MultiTenantETL.Infrastructure\Services\ConnectionTesting\Storage\AzureBlobConnectionTester.cs(118,32): warning CS0168: The variable 'ex' is declared but never used [C:\Users\emath\source\repos\MultiTenantETL.Backend\src\MultiTenantETL.Infrastructure\MultiTenantETL.Infrastructure.csproj]
C:\Users\emath\source\repos\MultiTenantETL.Backend\src\MultiTenantETL.Infrastructure\Services\SchemaDetector.cs(841,36): error CS0246: The type or namespace name 'SnowflakeDbConnection' could not be found (are you missing a using directive or an assembly reference?) [C:\Users\emath\source\repos\MultiTenantETL.Backend\src\MultiTenantETL.Infrastructure\MultiTenantETL.Infrastructure.csproj]
C:\Users\emath\source\repos\MultiTenantETL.Backend\src\MultiTenantETL.Infrastructure\Services\SchemaDetector.cs(865,33): error CS0246: The type or namespace name 'SnowflakeDbCommand' could not be found (are you missing a using directive or an assembly reference?) [C:\Users\emath\source\repos\MultiTenantETL.Backend\src\MultiTenantETL.Infrastructure\MultiTenantETL.Infrastructure.csproj]
C:\Users\emath\source\repos\MultiTenantETL.Backend\src\MultiTenantETL.Infrastructure\Services\SchemaDetector.cs(895,42): error CS1061: 'DatabaseConfig' does not contain a definition for 'Account' and no accessible extension method 'Account' accepting a first argument of type 'DatabaseConfig' could be found (are you missing a using directive or an assembly reference?) [C:\Users\emath\source\repos\MultiTenantETL.Backend\src\MultiTenantETL.Infrastructure\MultiTenantETL.Infrastructure.csproj]
C:\Users\emath\source\repos\MultiTenantETL.Backend\src\MultiTenantETL.Infrastructure\Services\SchemaDetector.cs(895,80): error CS1061: 'DatabaseConfig' does not contain a definition for 'Account' and no accessible extension method 'Account' accepting a first argument of type 'DatabaseConfig' could be found (are you missing a using directive or an assembly reference?) [C:\Users\emath\source\repos\MultiTenantETL.Backend\src\MultiTenantETL.Infrastructure\MultiTenantETL.Infrastructure.csproj]
C:\Users\emath\source\repos\MultiTenantETL.Backend\src\MultiTenantETL.Infrastructure\Services\SchemaDetector.cs(899,42): error CS1061: 'DatabaseConfig' does not contain a definition for 'Schema' and no accessible extension method 'Schema' accepting a first argument of type 'DatabaseConfig' could be found (are you missing a using directive or an assembly reference?) [C:\Users\emath\source\repos\MultiTenantETL.Backend\src\MultiTenantETL.Infrastructure\MultiTenantETL.Infrastructure.csproj]
C:\Users\emath\source\repos\MultiTenantETL.Backend\src\MultiTenantETL.Infrastructure\Services\SchemaDetector.cs(899,78): error CS1061: 'DatabaseConfig' does not contain a definition for 'Schema' and no accessible extension method 'Schema' accepting a first argument of type 'DatabaseConfig' could be found (are you missing a using directive or an assembly reference?) [C:\Users\emath\source\repos\MultiTenantETL.Backend\src\MultiTenantETL.Infrastructure\MultiTenantETL.Infrastructure.csproj]
C:\Users\emath\source\repos\MultiTenantETL.Backend\src\MultiTenantETL.Infrastructure\Services\SchemaDetector.cs(900,42): error CS1061: 'DatabaseConfig' does not contain a definition for 'Warehouse' and no accessible extension method 'Warehouse' accepting a first argument of type 'DatabaseConfig' could be found (are you missing a using directive or an assembly reference?) [C:\Users\emath\source\repos\MultiTenantETL.Backend\src\MultiTenantETL.Infrastructure\MultiTenantETL.Infrastructure.csproj]
C:\Users\emath\source\repos\MultiTenantETL.Backend\src\MultiTenantETL.Infrastructure\Services\SchemaDetector.cs(900,84): error CS1061: 'DatabaseConfig' does not contain a definition for 'Warehouse' and no accessible extension method 'Warehouse' accepting a first argument of type 'DatabaseConfig' could be found (are you missing a using directive or an assembly reference?) [C:\Users\emath\source\repos\MultiTenantETL.Backend\src\MultiTenantETL.Infrastructure\MultiTenantETL.Infrastructure.csproj]
C:\Users\emath\source\repos\MultiTenantETL.Backend\src\MultiTenantETL.Infrastructure\Services\SchemaDetector.cs(901,42): error CS1061: 'DatabaseConfig' does not contain a definition for 'Role' and no accessible extension method 'Role' accepting a first argument of type 'DatabaseConfig' could be found (are you missing a using directive or an assembly reference?) [C:\Users\emath\source\repos\MultiTenantETL.Backend\src\MultiTenantETL.Infrastructure\MultiTenantETL.Infrastructure.csproj]
C:\Users\emath\source\repos\MultiTenantETL.Backend\src\MultiTenantETL.Infrastructure\Services\SchemaDetector.cs(901,74): error CS1061: 'DatabaseConfig' does not contain a definition for 'Role' and no accessible extension method 'Role' accepting a first argument of type 'DatabaseConfig' could be found (are you missing a using directive or an assembly reference?) [C:\Users\emath\source\repos\MultiTenantETL.Backend\src\MultiTenantETL.Infrastructure\MultiTenantETL.Infrastructure.csproj]
C:\Users\emath\source\repos\MultiTenantETL.Backend\src\MultiTenantETL.Infrastructure\Services\SchemaDetector.cs(908,42): error CS1061: 'DatabaseConfig' does not contain a definition for 'JsonCredentials' and no accessible extension method 'JsonCredentials' accepting a first argument of type 'DatabaseConfig' could be found (are you missing a using directive or an assembly reference?) [C:\Users\emath\source\repos\MultiTenantETL.Backend\src\MultiTenantETL.Infrastructure\MultiTenantETL.Infrastructure.csproj]
C:\Users\emath\source\repos\MultiTenantETL.Backend\src\MultiTenantETL.Infrastructure\Services\SchemaDetector.cs(910,87): error CS1061: 'DatabaseConfig' does not contain a definition for 'JsonCredentials' and no accessible extension method 'JsonCredentials' accepting a first argument of type 'DatabaseConfig' could be found (are you missing a using directive or an assembly reference?) [C:\Users\emath\source\repos\MultiTenantETL.Backend\src\MultiTenantETL.Infrastructure\MultiTenantETL.Infrastructure.csproj]
C:\Users\emath\source\repos\MultiTenantETL.Backend\src\MultiTenantETL.Infrastructure\Services\SchemaDetector.cs(911,76): error CS1061: 'DatabaseConfig' does not contain a definition for 'ProjectId' and no accessible extension method 'ProjectId' accepting a first argument of type 'DatabaseConfig' could be found (are you missing a using directive or an assembly reference?) [C:\Users\emath\source\repos\MultiTenantETL.Backend\src\MultiTenantETL.Infrastructure\MultiTenantETL.Infrastructure.csproj]
C:\Users\emath\source\repos\MultiTenantETL.Backend\src\MultiTenantETL.Infrastructure\Services\SchemaDetector.cs(915,76): error CS1061: 'DatabaseConfig' does not contain a definition for 'ProjectId' and no accessible extension method 'ProjectId' accepting a first argument of type 'DatabaseConfig' could be found (are you missing a using directive or an assembly reference?) [C:\Users\emath\source\repos\MultiTenantETL.Backend\src\MultiTenantETL.Infrastructure\MultiTenantETL.Infrastructure.csproj]
C:\Users\emath\source\repos\MultiTenantETL.Backend\src\MultiTenantETL.Infrastructure\Services\SchemaDetector.cs(918,55): error CS1061: 'DatabaseConfig' does not contain a definition for 'DatasetId' and no accessible extension method 'DatasetId' accepting a first argument of type 'DatabaseConfig' could be found (are you missing a using directive or an assembly reference?) [C:\Users\emath\source\repos\MultiTenantETL.Backend\src\MultiTenantETL.Infrastructure\MultiTenantETL.Infrastructure.csproj]

Build FAILED.

C:\Users\emath\source\repos\MultiTenantETL.Backend\src\MultiTenantETL.Infrastructure\Services\ConnectionTesting\Storage\AzureBlobConnectionTester.cs(118,32): warning CS0168: The variable 'ex' is declared but never used [C:\Users\emath\source\repos\MultiTenantETL.Backend\src\MultiTenantETL.Infrastructure\MultiTenantETL.Infrastructure.csproj]
C:\Users\emath\source\repos\MultiTenantETL.Backend\src\MultiTenantETL.Infrastructure\Services\SchemaDetector.cs(841,36): error CS0246: The type or namespace name 'SnowflakeDbConnection' could not be found (are you missing a using directive or an assembly reference?) [C:\Users\emath\source\repos\MultiTenantETL.Backend\src\MultiTenantETL.Infrastructure\MultiTenantETL.Infrastructure.csproj]
C:\Users\emath\source\repos\MultiTenantETL.Backend\src\MultiTenantETL.Infrastructure\Services\SchemaDetector.cs(865,33): error CS0246: The type or namespace name 'SnowflakeDbCommand' could not be found (are you missing a using directive or an assembly reference?) [C:\Users\emath\source\repos\MultiTenantETL.Backend\src\MultiTenantETL.Infrastructure\MultiTenantETL.Infrastructure.csproj]
C:\Users\emath\source\repos\MultiTenantETL.Backend\src\MultiTenantETL.Infrastructure\Services\SchemaDetector.cs(895,42): error CS1061: 'DatabaseConfig' does not contain a definition for 'Account' and no accessible extension method 'Account' accepting a first argument of type 'DatabaseConfig' could be found (are you missing a using directive or an assembly reference?) [C:\Users\emath\source\repos\MultiTenantETL.Backend\src\MultiTenantETL.Infrastructure\MultiTenantETL.Infrastructure.csproj]
C:\Users\emath\source\repos\MultiTenantETL.Backend\src\MultiTenantETL.Infrastructure\Services\SchemaDetector.cs(895,80): error CS1061: 'DatabaseConfig' does not contain a definition for 'Account' and no accessible extension method 'Account' accepting a first argument of type 'DatabaseConfig' could be found (are you missing a using directive or an assembly reference?) [C:\Users\emath\source\repos\MultiTenantETL.Backend\src\MultiTenantETL.Infrastructure\MultiTenantETL.Infrastructure.csproj]
C:\Users\emath\source\repos\MultiTenantETL.Backend\src\MultiTenantETL.Infrastructure\Services\SchemaDetector.cs(899,42): error CS1061: 'DatabaseConfig' does not contain a definition for 'Schema' and no accessible extension method 'Schema' accepting a first argument of type 'DatabaseConfig' could be found (are you missing a using directive or an assembly reference?) [C:\Users\emath\source\repos\MultiTenantETL.Backend\src\MultiTenantETL.Infrastructure\MultiTenantETL.Infrastructure.csproj]
C:\Users\emath\source\repos\MultiTenantETL.Backend\src\MultiTenantETL.Infrastructure\Services\SchemaDetector.cs(899,78): error CS1061: 'DatabaseConfig' does not contain a definition for 'Schema' and no accessible extension method 'Schema' accepting a first argument of type 'DatabaseConfig' could be found (are you missing a using directive or an assembly reference?) [C:\Users\emath\source\repos\MultiTenantETL.Backend\src\MultiTenantETL.Infrastructure\MultiTenantETL.Infrastructure.csproj]
C:\Users\emath\source\repos\MultiTenantETL.Backend\src\MultiTenantETL.Infrastructure\Services\SchemaDetector.cs(900,42): error CS1061: 'DatabaseConfig' does not contain a definition for 'Warehouse' and no accessible extension method 'Warehouse' accepting a first argument of type 'DatabaseConfig' could be found (are you missing a using directive or an assembly reference?) [C:\Users\emath\source\repos\MultiTenantETL.Backend\src\MultiTenantETL.Infrastructure\MultiTenantETL.Infrastructure.csproj]
C:\Users\emath\source\repos\MultiTenantETL.Backend\src\MultiTenantETL.Infrastructure\Services\SchemaDetector.cs(900,84): error CS1061: 'DatabaseConfig' does not contain a definition for 'Warehouse' and no accessible extension method 'Warehouse' accepting a first argument of type 'DatabaseConfig' could be found (are you missing a using directive or an assembly reference?) [C:\Users\emath\source\repos\MultiTenantETL.Backend\src\MultiTenantETL.Infrastructure\MultiTenantETL.Infrastructure.csproj]
C:\Users\emath\source\repos\MultiTenantETL.Backend\src\MultiTenantETL.Infrastructure\Services\SchemaDetector.cs(901,42): error CS1061: 'DatabaseConfig' does not contain a definition for 'Role' and no accessible extension method 'Role' accepting a first argument of type 'DatabaseConfig' could be found (are you missing a using directive or an assembly reference?) [C:\Users\emath\source\repos\MultiTenantETL.Backend\src\MultiTenantETL.Infrastructure\MultiTenantETL.Infrastructure.csproj]
C:\Users\emath\source\repos\MultiTenantETL.Backend\src\MultiTenantETL.Infrastructure\Services\SchemaDetector.cs(901,74): error CS1061: 'DatabaseConfig' does not contain a definition for 'Role' and no accessible extension method 'Role' accepting a first argument of type 'DatabaseConfig' could be found (are you missing a using directive or an assembly reference?) [C:\Users\emath\source\repos\MultiTenantETL.Backend\src\MultiTenantETL.Infrastructure\MultiTenantETL.Infrastructure.csproj]
C:\Users\emath\source\repos\MultiTenantETL.Backend\src\MultiTenantETL.Infrastructure\Services\SchemaDetector.cs(908,42): error CS1061: 'DatabaseConfig' does not contain a definition for 'JsonCredentials' and no accessible extension method 'JsonCredentials' accepting a first argument of type 'DatabaseConfig' could be found (are you missing a using directive or an assembly reference?) [C:\Users\emath\source\repos\MultiTenantETL.Backend\src\MultiTenantETL.Infrastructure\MultiTenantETL.Infrastructure.csproj]
C:\Users\emath\source\repos\MultiTenantETL.Backend\src\MultiTenantETL.Infrastructure\Services\SchemaDetector.cs(910,87): error CS1061: 'DatabaseConfig' does not contain a definition for 'JsonCredentials' and no accessible extension method 'JsonCredentials' accepting a first argument of type 'DatabaseConfig' could be found (are you missing a using directive or an assembly reference?) [C:\Users\emath\source\repos\MultiTenantETL.Backend\src\MultiTenantETL.Infrastructure\MultiTenantETL.Infrastructure.csproj]
C:\Users\emath\source\repos\MultiTenantETL.Backend\src\MultiTenantETL.Infrastructure\Services\SchemaDetector.cs(911,76): error CS1061: 'DatabaseConfig' does not contain a definition for 'ProjectId' and no accessible extension method 'ProjectId' accepting a first argument of type 'DatabaseConfig' could be found (are you missing a using directive or an assembly reference?) [C:\Users\emath\source\repos\MultiTenantETL.Backend\src\MultiTenantETL.Infrastructure\MultiTenantETL.Infrastructure.csproj]
C:\Users\emath\source\repos\MultiTenantETL.Backend\src\MultiTenantETL.Infrastructure\Services\SchemaDetector.cs(915,76): error CS1061: 'DatabaseConfig' does not contain a definition for 'ProjectId' and no accessible extension method 'ProjectId' accepting a first argument of type 'DatabaseConfig' could be found (are you missing a using directive or an assembly reference?) [C:\Users\emath\source\repos\MultiTenantETL.Backend\src\MultiTenantETL.Infrastructure\MultiTenantETL.Infrastructure.csproj]
C:\Users\emath\source\repos\MultiTenantETL.Backend\src\MultiTenantETL.Infrastructure\Services\SchemaDetector.cs(918,55): error CS1061: 'DatabaseConfig' does not contain a definition for 'DatasetId' and no accessible extension method 'DatasetId' accepting a first argument of type 'DatabaseConfig' could be found (are you missing a using directive or an assembly reference?) [C:\Users\emath\source\repos\MultiTenantETL.Backend\src\MultiTenantETL.Infrastructure\MultiTenantETL.Infrastructure.csproj]
    1 Warning(s)
    15 Error(s)

Time Elapsed 00:00:03.68
